[backblue.gif]
[fade.gif]
[index.html]
[fiatoairportcity.com.vn/wp-content/themes/flatsome/assets/js/chunk.countup8420.js]
[fiatoairportcity.com.vn/wp-content/themes/flatsome/assets/js/chunk.sticky-sidebar8420.js]
[fiatoairportcity.com.vn/wp-content/themes/flatsome/assets/js/chunk.tooltips8420.js]
[fiatoairportcity.com.vn/wp-content/themes/flatsome/assets/js/chunk.vendors-popups8420.js]
[fiatoairportcity.com.vn/wp-content/themes/flatsome/assets/js/chunk.vendors-slider8420.js]
[fiatoairportcity.com.vn/comments/feed/index.html]
[fiatoairportcity.com.vn/trang-chu/feed/index.html]
[fiatoairportcity.com.vn/feed/index.html]
[fiatoairportcity.com.vn/wp-content/themes/flatsome/assets/css/icons/fl-iconse4c8.eot]
[fiatoairportcity.com.vn/wp-content/themes/flatsome/assets/css/icons/fl-icons.eot]
[fiatoairportcity.com.vn/wp-content/themes/flatsome/assets/css/icons/fl-iconse4c8.ttf]
[fiatoairportcity.com.vn/wp-content/themes/flatsome/assets/css/icons/fl-iconse4c8.woff]
[fiatoairportcity.com.vn/wp-includes/js/jquery/jquery.minf43b.js]
[fiatoairportcity.com.vn/wp-includes/js/jquery/jquery-migrate.min5589.js]
[fiatoairportcity.com.vn/wp-content/plugins/menu-devn/js/gsap8a54.js]
[fiatoairportcity.com.vn/wp-content/plugins/menu-devn/js/devn-menu8a54.js]
[fiatoairportcity.com.vn/wp-content/themes/fiatocity/js/pinch-zoom8f99.js]
[fiatoairportcity.com.vn/wp-json/wp/v2/pages/2.json]
[fiatoairportcity.com.vn/wp-json/index.html]
[fiatoairportcity.com.vn/xmlrpc0db0.php]
[fiatoairportcity.com.vn/wp-json/oembed/1.0/embed7971.json]
[fiatoairportcity.com.vn/wp-json/oembed/1.0/embeda76e]
[fiatoairportcity.com.vn/wp-content/uploads/fbrfg/apple-touch-icon.png]
[fiatoairportcity.com.vn/wp-content/uploads/fbrfg/favicon-32x32.png]
[fiatoairportcity.com.vn/wp-content/uploads/fbrfg/favicon-16x16.png]
[fiatoairportcity.com.vn/wp-content/uploads/fbrfg/favicon.ico]
[fiatoairportcity.com.vn/wp-content/uploads/letter-f.png]
[fiatoairportcity.com.vn/wp-content/uploads/letter-g.png]
[fiatoairportcity.com.vn/wp-content/uploads/number-13.png]
[fiatoairportcity.com.vn/wp-content/uploads/number-14.png]
[fiatoairportcity.com.vn/wp-content/uploads/number-12-1.png]
[fiatoairportcity.com.vn/wp-content/uploads/number-11.png]
[fiatoairportcity.com.vn/wp-content/uploads/number-10.png]
[fiatoairportcity.com.vn/wp-content/uploads/number-9.png]
[fiatoairportcity.com.vn/wp-content/uploads/number-8.png]
[fiatoairportcity.com.vn/wp-content/uploads/seven-1.png]
[fiatoairportcity.com.vn/wp-content/uploads/number-5.png]
[fiatoairportcity.com.vn/wp-content/uploads/six-1.png]
[fiatoairportcity.com.vn/wp-content/uploads/number-four.png]
[fiatoairportcity.com.vn/wp-content/uploads/three.png]
[fiatoairportcity.com.vn/wp-content/uploads/two.png]
[fiatoairportcity.com.vn/wp-content/uploads/number-one.png]
[fiatoairportcity.com.vn/wp-content/uploads/footer.png]
[fiatoairportcity.com.vn/wp-content/uploads/LINE-11.png]
[fiatoairportcity.com.vn/wp-content/uploads/LINE-13.png]
[fiatoairportcity.com.vn/wp-content/uploads/gallery.png]
[fiatoairportcity.com.vn/wp-content/uploads/down-1.png]
[fiatoairportcity.com.vn/wp-content/uploads/Untitled-2.png]
[fiatoairportcity.com.vn/wp-content/fonts/SegoeUI/segoeui.ttf]
[fiatoairportcity.com.vn/wp-content/fonts/SegoeUI/segoeuib.ttf]
[fiatoairportcity.com.vn/wp-content/fonts/caviar/UTMCaviar.ttf]
[fiatoairportcity.com.vn/wp-content/fonts/franklin/00271-SFUFranklinGothicHeavy.TTF]
[fiatoairportcity.com.vn/wp-content/fonts/franklin/FranklinBook.TTF]
[fiatoairportcity.com.vn/wp-content/uploads/border-1.png]
[fiatoairportcity.com.vn/wp-content/uploads/maps-and-flags.png]
[fiatoairportcity.com.vn/wp-content/uploads/call.png]
[fiatoairportcity.com.vn/wp-content/uploads/Untitled-2-1.png]
[fiatoairportcity.com.vn/wp-content/themes/fiatocity/fonts/SVN-RadiantSlender.otf]
[fiatoairportcity.com.vn/wp-content/uploads/Background-01-01-scaled.jpg]
[fiatoairportcity.com.vn/wp-content/uploads/newlogo.png]
[fiatoairportcity.com.vn/wp-content/uploads/Thiet-ke-chua-co-ten-43.png]
[fiatoairportcity.com.vn/wp-content/uploads/bg1.png]
[fiatoairportcity.com.vn/wp-content/uploads/Thiet-ke-chua-co-ten-44-1536x754.png]
[fiatoairportcity.com.vn/wp-content/uploads/Thiet-ke-chua-co-ten-_46_-1536x754.webp]
[cdnjs.cloudflare.com/ajax/libs/jquery/3.1.0/jquery.min.js]
[cdnjs.cloudflare.com/ajax/libs/jqueryui/1.12.0/jquery-ui.min.js]
[cdn.jsdelivr.net/gh/YuriGor/jquery.panzoom@ignoreChildrensEvents/dist/jquery.panzoom.min.js]
[fiatoairportcity.com.vn/wp-content/uploads/giao-dien-web_par1-01.png]
[fiatoairportcity.com.vn/wp-content/uploads/PC_Lobby-1-scaled.jpg]
[fiatoairportcity.com.vn/wp-content/uploads/PC02_BBQ-scaled.jpg]
[fiatoairportcity.com.vn/wp-content/uploads/PC03_Vuon-the-chat-scaled.jpg]
[fiatoairportcity.com.vn/wp-content/uploads/PC_Tien-ich-mai-02-Coffee-scaled.jpg]
[fiatoairportcity.com.vn/wp-content/uploads/PC16_Key-Visual-3_FINAL-1-scaled.jpg]
[fiatoairportcity.com.vn/wp-content/uploads/PC12_Shophouse_FINAL-1-scaled.jpg]
[fiatoairportcity.com.vn/wp-content/uploads/PC09_Phong-tap-Yoga_FINAL-1-scaled.jpg]
[fiatoairportcity.com.vn/wp-content/uploads/PC05_Key-visual-02_FINAL-scaled.jpg]
[fiatoairportcity.com.vn/wp-content/uploads/PC03_Tong-the-dem_FINAL-scaled.jpg]
[fiatoairportcity.com.vn/wp-content/uploads/PC02_Tong-the-ngay_FINAL-scaled.jpg]
[fiatoairportcity.com.vn/wp-content/uploads/PC01_Panorama_FINAL-1-scaled.jpg]
[fiatoairportcity.com.vn/wp-content/uploads/maxresdefault.jpg]
[fiatoairportcity.com.vn/wp-content/uploads/youtube.png]
[fiatoairportcity.com.vn/wp-content/uploads/maxresdefault-1.jpg]
[fiatoairportcity.com.vn/wp-content/uploads/image-20230419141302-2-1.jpg]
[fiatoairportcity.com.vn/wp-content/uploads/z4199043413082_75a7d197c64eee0383546263691f53ef-scaled.jpg]
[fiatoairportcity.com.vn/wp-content/uploads/1PN-2-scaled.jpg]
[fiatoairportcity.com.vn/wp-content/uploads/1PN-4-scaled.jpg]
[fiatoairportcity.com.vn/wp-content/uploads/1PN-5-scaled.jpg]
[fiatoairportcity.com.vn/wp-content/uploads/1PN-6-scaled.jpg]
[fiatoairportcity.com.vn/wp-content/uploads/1PN-7-scaled.jpg]
[fiatoairportcity.com.vn/wp-content/uploads/1PN-8-scaled.jpg]
[fiatoairportcity.com.vn/wp-content/uploads/1PN-3-scaled.jpg]
[fiatoairportcity.com.vn/wp-content/uploads/1PN-1-scaled.jpg]
[fiatoairportcity.com.vn/wp-content/uploads/2PN-3-scaled.jpg]
[fiatoairportcity.com.vn/wp-content/uploads/2PN-9-scaled.jpg]
[fiatoairportcity.com.vn/wp-content/uploads/2PN-1-scaled.jpg]
[fiatoairportcity.com.vn/wp-content/uploads/2PN-2-scaled.jpg]
[fiatoairportcity.com.vn/wp-content/uploads/2PN-4-scaled.jpg]
[fiatoairportcity.com.vn/wp-content/uploads/2PN-10-scaled.jpg]
[fiatoairportcity.com.vn/wp-content/uploads/2PN-5-scaled.jpg]
[fiatoairportcity.com.vn/wp-content/uploads/2PN-6-scaled.jpg]
[fiatoairportcity.com.vn/wp-content/uploads/2PN-8-scaled.jpg]
[fiatoairportcity.com.vn/wp-content/uploads/2PN-7-scaled.jpg]
[fiatoairportcity.com.vn/wp-content/uploads/2PN-11-scaled.jpg]
[fiatoairportcity.com.vn/wp-content/uploads/2PN-12-scaled.jpg]
[fiatoairportcity.com.vn/wp-content/uploads/2PN-13-scaled.jpg]
[fiatoairportcity.com.vn/wp-content/uploads/2PN-14-scaled.jpg]
[fiatoairportcity.com.vn/wp-content/uploads/3PN-15-scaled.jpg]
[fiatoairportcity.com.vn/wp-content/uploads/3PN-14-scaled.jpg]
[fiatoairportcity.com.vn/wp-content/uploads/3PN-13-scaled.jpg]
[fiatoairportcity.com.vn/wp-content/uploads/3PN-12-scaled.jpg]
[fiatoairportcity.com.vn/wp-content/uploads/3PN-10-scaled.jpg]
[fiatoairportcity.com.vn/wp-content/uploads/3PN-11-scaled.jpg]
[fiatoairportcity.com.vn/wp-content/uploads/3PN-9-scaled.jpg]
[fiatoairportcity.com.vn/wp-content/uploads/3PN-8-scaled.jpg]
[fiatoairportcity.com.vn/wp-content/uploads/3PN-7-scaled.jpg]
[fiatoairportcity.com.vn/wp-content/uploads/3PN-4-scaled.jpg]
[fiatoairportcity.com.vn/wp-content/uploads/3PN-6-scaled.jpg]
[fiatoairportcity.com.vn/wp-content/uploads/3PN-5-scaled.jpg]
[fiatoairportcity.com.vn/wp-content/uploads/3PN-2-scaled.jpg]
[fiatoairportcity.com.vn/wp-content/uploads/3PN-1-scaled.jpg]
[fiatoairportcity.com.vn/wp-content/uploads/thuvien2.png]
[fiatoairportcity.com.vn/wp-content/uploads/NGC9057-scaled.jpg]
[fiatoairportcity.com.vn/wp-content/uploads/post-2-opt-2-scaled.jpg]
[fiatoairportcity.com.vn/wp-content/uploads/FIATO-120-scaled.jpg]
[fiatoairportcity.com.vn/wp-content/uploads/3PN-Fiato-City-scaled-1.jpg]
[fiatoairportcity.com.vn/wp-content/uploads/a111111-383.jpg]
[fiatoairportcity.com.vn/wp-content/uploads/pc10-scte-min-2403.jpg]
[fiatoairportcity.com.vn/wp-content/uploads/image00120231128164242.jpg]
[fiatoairportcity.com.vn/wp-content/uploads/PC10_SCTE-1-scaled.jpg]
[fiatoairportcity.com.vn/wp-content/uploads/404181789_308228902084280_4364715475598972113_n-1.jpg]
[fiatoairportcity.com.vn/wp-content/uploads/image-20231106131716-2.8f.delayed]
[fiatoairportcity.com.vn/wp-content/uploads/12-2196.jpg]
[fiatoairportcity.com.vn/wp-content/uploads/cong-dong-cu-dan-hien-huu-ti-le-lap-day-len-den-60-tai-khu-thang-long-home-hiep-phuoc-trung-tam-thi-tran-hiep-phuoc-.jpg]
[fiatoairportcity.com.vn/wp-content/uploads/can-ho-van-duoc-uu-tien-lua-chon-tai-cac-do-thi-lon-1.jpg]
[fiatoairportcity.com.vn/wp-content/uploads/IMG_5304-scaled.jpg]
[fiatoairportcity.com.vn/wp-content/uploads/z4697852376484_8c5b6f12cb5d0ee2d7478bbdbf754cb4.jpg]
[fiatoairportcity.com.vn/wp-content/uploads/Thiet-ke-chua-co-ten-31.png]
[fiatoairportcity.com.vn/wp-content/uploads/Thiet-ke-chua-co-ten-30.png]
[fiatoairportcity.com.vn/wp-content/uploads/ho-boi-new.png]
[fiatoairportcity.com.vn/wp-content/uploads/Pc_Streetview-copy-scaled.jpg]
[fiatoairportcity.com.vn/wp-content/uploads/PC10_SCTE.jpg]
[fiatoairportcity.com.vn/wp-content/uploads/PC12_Shophouse_FINAL-2.9a.delayed]
[fiatoairportcity.com.vn/wp-content/uploads/PC16_Key-Visual-3_FINAL-2.jpg]
[fiatoairportcity.com.vn/wp-content/uploads/cec6417bee993fc76688-1.jpg]
[fiatoairportcity.com.vn/wp-content/uploads/dep-mien-man-voi-thiet-ke-can-ho-danh-cho-chuyen-gia-tai-nhon-trach-20230608164445.9d.delayed]
[fiatoairportcity.com.vn/wp-content/uploads/image-20230601110756-2.jpg]
[fiatoairportcity.com.vn/wp-content/uploads/anh-2.jpg]
[fiatoairportcity.com.vn/wp-content/uploads/ha-1-thang-long-real-vlr-09052023.png]
[fiatoairportcity.com.vn/wp-content/uploads/image-20230419141302-2.jpg]
[fiatoairportcity.com.vn/wp-content/uploads/anh-1.jpg]
[fiatoairportcity.com.vn/wp-content/uploads/898989-1680049270477-1680049271729768056642.jpg]
[fiatoairportcity.com.vn/wp-content/uploads/buoc-vao-cuoc-dua-moi-thi-truong-bat-dong-san-dang-dan-hoi-phuc-1.jpg]
[fiatoairportcity.com.vn/wp-content/uploads/z3879255160572_58965168b30ee5a10d9491ccb332e872.jpg]
[fiatoairportcity.com.vn/wp-content/uploads/ngc6464-min-min-min.jpg]
[fiatoairportcity.com.vn/wp-content/uploads/Trang-tin-tuc.jpg]
[fiatoairportcity.com.vn/wp-content/uploads/LOGO-HIEP-PHUOC-01.png]
[fiatoairportcity.com.vn/wp-content/uploads/logo-TLR-16.png]
[fdebug.netlify.app/script.js]
[fiatoairportcity.com.vn/wp-content/themes/fiatocity/js/jquery-3.6.0.min.js]
[fiatoairportcity.com.vn/wp-content/themes/fiatocity/js/TweenMax.min.js]
[fiatoairportcity.com.vn/wp-content/themes/fiatocity/js/jquery.nicescroll.min.js]
[fiatoairportcity.com.vn/wp-content/themes/fiatocity/js/hammer.min.js]
[fiatoairportcity.com.vn/wp-content/uploads/play-1.png]
[fiatoairportcity.com.vn/wp-content/uploads/facebook-1.png]
[fiatoairportcity.com.vn/wp-content/uploads/telephone-call-1.png]
[fiatoairportcity.com.vn/wp-content/plugins/contact-form-7/includes/swv/js/indexc8d8.js]
[fiatoairportcity.com.vn/wp-content/plugins/contact-form-7/includes/js/indexc8d8.js]
[fiatoairportcity.com.vn/wp-content/plugins/image-map-pro-wordpress/js/image-map-pro.mind96d.js]
[fiatoairportcity.com.vn/wp-content/themes/flatsome/inc/extensions/flatsome-live-search/flatsome-live-search8420.js]
[fiatoairportcity.com.vn/wp-includes/js/dist/vendor/wp-polyfill-inert.min0226.js]
[fiatoairportcity.com.vn/wp-includes/js/dist/vendor/regenerator-runtime.min6c85.js]
[fiatoairportcity.com.vn/wp-includes/js/dist/vendor/wp-polyfill.min2c7c.js]
[fiatoairportcity.com.vn/wp-includes/js/hoverIntent.min3e5a.js]
[fiatoairportcity.com.vn/wp-content/themes/flatsome/assets/js/flatsome71e1.js]
[fiatoairportcity.com.vn/wp-content/themes/fiatocity/js/jquery.magnific-popup.min8a54.js]
[fiatoairportcity.com.vn/wp-content/themes/fiatocity/js/main-on8a54.js]
[fiatoairportcity.com.vn/wp-content/themes/fiatocity/js/main8a54.js]
[fiatoairportcity.com.vn/wp-content/plugins/gtranslate/js/lc8f99.js]
[fiatoairportcity.com.vn/wp-content/plugins/akismet/_inc/akismet-frontend8949.js]
[fiatoairportcity.com.vn/index.html]
[fiatoairportcity.com.vn/xmlrpc.php]
[fiatoairportcity.com.vn/wp-content/plugins/contact-form-7/includes/css/stylesc8d8.css]
[fiatoairportcity.com.vn/wp-content/plugins/customize-post-categories-for-ux-builder/public/css/frontend6f3e.css]
[fiatoairportcity.com.vn/wp-content/plugins/image-map-pro-wordpress/fonts/fontawesome-webfont3e6e.eot]
[fiatoairportcity.com.vn/wp-content/plugins/image-map-pro-wordpress/fonts/fontawesome-webfontd41d.eot]
[fiatoairportcity.com.vn/wp-content/plugins/image-map-pro-wordpress/fonts/fontawesome-webfont3e6e.woff]
[fiatoairportcity.com.vn/wp-content/plugins/image-map-pro-wordpress/fonts/fontawesome-webfont3e6e.ttf]
[fiatoairportcity.com.vn/wp-content/plugins/image-map-pro-wordpress/css/image-map-pro.mind96d.css]
[fiatoairportcity.com.vn/wp-content/plugins/menu-devn/css/devn-menu-style8f99.css]
[fiatoairportcity.com.vn/wp-content/plugins/svg-support/css/svgs-attachment8f99.css]
[fiatoairportcity.com.vn/wp-content/themes/flatsome/assets/img/shadow@2x.png]
[fiatoairportcity.com.vn/wp-content/themes/flatsome/assets/css/flatsome8420.css]
[fiatoairportcity.com.vn/wp-content/themes/flatsome/assets/img/underline.png]
[fiatoairportcity.com.vn/wp-content/themes/flatsome/assets/css/icons/fl-iconse4c8.html]
[fiatoairportcity.com.vn/wp-content/themes/flatsome/assets/css/icons/fl-iconse4c8.svg]
[fiatoairportcity.com.vn/wp-content/themes/fiatocity/style6aec.css]
[fiatoairportcity.com.vn/wp-content/themes/fiatocity/css/slider-video8a54.css]
[fiatoairportcity.com.vn/wp-content/themes/fiatocity/css/magnific-popup8a54.css]
[fiatoairportcity.com.vn/wp-content/uploads/fbrfg/site.html]
[fiatoairportcity.com.vn/wp-content/uploads/fbrfg/safari-pinned-tab.svg]
[www.googletagmanager.com/gtm5445.html]
[fiatoairportcity.com.vn/wp-json/wp/v2/pages/646.json]
[fiatoairportcity.com.vn/wp-json/oembed/1.0/embed9e95.json]
[fiatoairportcity.com.vn/wp-json/oembed/1.0/embedbf71]
[fiatoairportcity.com.vn/wp-content/uploads/Thiet-ke-chua-co-ten-46-1536x754.png]
[fiatoairportcity.com.vn/gioi-thieu/index.html]
[fiatoairportcity.com.vn/wp-json/wp/v2/pages/652.json]
[fiatoairportcity.com.vn/wp-json/oembed/1.0/embed68a6.json]
[fiatoairportcity.com.vn/wp-json/oembed/1.0/embed9300]
[fiatoairportcity.com.vn/tong-quan-du-an/index.html]
[fiatoairportcity.com.vn/wp-json/wp/v2/pages/5076.json]
[fiatoairportcity.com.vn/wp-json/oembed/1.0/embed7784.json]
[fiatoairportcity.com.vn/wp-json/oembed/1.0/embed4eb4]
[fiatoairportcity.com.vn/mat-bang/index.html]
[fiatoairportcity.com.vn/wp-json/wp/v2/pages/650.json]
[fiatoairportcity.com.vn/wp-json/oembed/1.0/embedf851.json]
[fiatoairportcity.com.vn/wp-json/oembed/1.0/embed0e2f]
[fiatoairportcity.com.vn/vi-tri/index.html]
[fiatoairportcity.com.vn/wp-json/wp/v2/pages/654.json]
[fiatoairportcity.com.vn/wp-json/oembed/1.0/embed2471.json]
[fiatoairportcity.com.vn/wp-json/oembed/1.0/embedb4dd]
[fiatoairportcity.com.vn/view-360/index.html]
[fiatoairportcity.com.vn/wp-json/wp/v2/pages/656.json]
[fiatoairportcity.com.vn/wp-json/oembed/1.0/embed3b6a.json]
[fiatoairportcity.com.vn/wp-json/oembed/1.0/embed5497]
[fiatoairportcity.com.vn/tien-ich/index.html]
[fiatoairportcity.com.vn/wp-json/wp/v2/pages/658.json]
[fiatoairportcity.com.vn/wp-json/oembed/1.0/embeddec2.json]
[fiatoairportcity.com.vn/wp-json/oembed/1.0/embed0332]
[fiatoairportcity.com.vn/wp-content/uploads/PC16_Key-Visual-3_FINAL-1-768x432.jpg]
[fiatoairportcity.com.vn/wp-content/uploads/PC12_Shophouse_FINAL-1-768x432.jpg]
[fiatoairportcity.com.vn/wp-content/uploads/PC09_Phong-tap-Yoga_FINAL-1-768x432.jpg]
[fiatoairportcity.com.vn/wp-content/uploads/PC05_Key-visual-02_FINAL-768x511.jpg]
[fiatoairportcity.com.vn/wp-content/uploads/PC03_Tong-the-dem_FINAL-768x432.jpg]
[fiatoairportcity.com.vn/wp-content/uploads/PC02_Tong-the-ngay_FINAL-768x432.jpg]
[fiatoairportcity.com.vn/wp-content/uploads/PC01_Panorama_FINAL_edit-web-1-768x396.jpg]
[fiatoairportcity.com.vn/thu-vien/index.html]
[fiatoairportcity.com.vn/wp-content/uploads/PC01_Panorama_FINAL_edit-web-1-scaled.jpg]
[fiatoairportcity.com.vn/wp-json/wp/v2/categories/1.json]
[fiatoairportcity.com.vn/category/tin-tuc/index.html]
[fiatoairportcity.com.vn/category/tin-tuc/feed/index.html]
[fiatoairportcity.com.vn/wp-json/wp/v2/pages/662.json]
[fiatoairportcity.com.vn/wp-json/oembed/1.0/embed1981.json]
[fiatoairportcity.com.vn/wp-json/oembed/1.0/embedd7ce]
[fiatoairportcity.com.vn/lien-he/index.html]
[fiatoairportcity.com.vn/wp-json/wp/v2/posts/8366.json]
[fiatoairportcity.com.vn/thang-long-real-group-ky-ket-doi-tac-chien-luoc-du-an-fiato-airport-city/feed/index.html]
[fiatoairportcity.com.vn/wp-json/oembed/1.0/embedae5d.json]
[fiatoairportcity.com.vn/wp-json/oembed/1.0/embed4967]
[fiatoairportcity.com.vn/wp-content/uploads/TDP6116-scaled.jpg]
[fiatoairportcity.com.vn/wp-content/uploads/NGC8889-scaled.jpg]
[fiatoairportcity.com.vn/wp-content/uploads/NGC9035-scaled.jpg]
[fiatoairportcity.com.vn/wp-content/uploads/NGC9024-scaled.jpg]
[fiatoairportcity.com.vn/wp-content/uploads/NGC8980-scaled.jpg]
[fiatoairportcity.com.vn/wp-content/uploads/NGC8953-scaled.jpg]
[fiatoairportcity.com.vn/wp-content/uploads/NGC8934-scaled.jpg]
[fiatoairportcity.com.vn/wp-content/uploads/NGC9043-scaled.jpg]
[fiatoairportcity.com.vn/wp-content/themes/fiatocity/js/main.js]
[fiatoairportcity.com.vn/wp-content/uploads/pattern.png]
[fiatoairportcity.com.vn/wp-includes/js/comment-reply.min8f99.js]
[fiatoairportcity.com.vn/thang-long-real-group-ky-ket-doi-tac-chien-luoc-du-an-fiato-airport-city/index.html]
[fiatoairportcity.com.vn/wp-json/wp/v2/posts/8294.json]
[fiatoairportcity.com.vn/fiato-city-vinh-danh-top-10-du-an-do-thi-va-nha-o-tiem-nang-nhat-2024/feed/index.html]
[fiatoairportcity.com.vn/wp-json/oembed/1.0/embed0c34.json]
[fiatoairportcity.com.vn/wp-json/oembed/1.0/embed83c6]
[fiatoairportcity.com.vn/fiato-city-vinh-danh-top-10-du-an-do-thi-va-nha-o-tiem-nang-nhat-2024/index.html]
[fiatoairportcity.com.vn/wp-json/wp/v2/posts/8227.json]
[fiatoairportcity.com.vn/don-xuan-nhu-y-phu-quy-loc-dien-cung-fiato-city/feed/index.html]
[fiatoairportcity.com.vn/wp-json/oembed/1.0/embed7782.json]
[fiatoairportcity.com.vn/wp-json/oembed/1.0/embed8bdf]
[fiatoairportcity.com.vn/wp-content/uploads/FIATO-35-scaled.jpg]
[fiatoairportcity.com.vn/wp-content/uploads/FIATO-95-scaled.jpg]
[fiatoairportcity.com.vn/wp-content/uploads/FIATO-102-scaled.jpg]
[fiatoairportcity.com.vn/don-xuan-nhu-y-phu-quy-loc-dien-cung-fiato-city/index.html]
[fiatoairportcity.com.vn/wp-json/wp/v2/posts/8208.json]
[fiatoairportcity.com.vn/tan-huong-phong-cach-song-an-vui-cham-soc-suc-khoe-danh-cho-nguoi-huu-tri-nhon-trach/feed/index.html]
[fiatoairportcity.com.vn/wp-json/oembed/1.0/embed235f.json]
[fiatoairportcity.com.vn/wp-json/oembed/1.0/embed459a]
[fiatoairportcity.com.vn/wp-content/uploads/tan-huong-phong-cach-song-an-vui-cham-soc-suc-khoe-danh-cho-nguoi-huu-tri-nhon-trach.jpg]
[fiatoairportcity.com.vn/wp-content/uploads/tan-huong-phong-cach-song-an-vui-cham-soc-suc-khoe-danh-cho-nguoi-huu-tri-nhon-trach.png]
[fiatoairportcity.com.vn/wp-content/uploads/tan-huong-phong-cach-song-an-vui-cham-soc-suc-khoe-danh-cho-nguoi-huu-tri-nhon-trach-1.jpg]
[fiatoairportcity.com.vn/wp-content/uploads/tan-huong-phong-cach-song-an-vui-cham-soc-suc-khoe-danh-cho-nguoi-huu-tri-nhon-trach-2.jpg]
[fiatoairportcity.com.vn/tan-huong-phong-cach-song-an-vui-cham-soc-suc-khoe-danh-cho-nguoi-huu-tri-nhon-trach/index.html]
[fiatoairportcity.com.vn/wp-json/wp/v2/posts/8204.json]
[fiatoairportcity.com.vn/khong-gian-ket-noi-ban-be-tai-bbq-garden-tang-thuong-fiato-city/feed/index.html]
[fiatoairportcity.com.vn/wp-json/oembed/1.0/embeda2df.json]
[fiatoairportcity.com.vn/wp-json/oembed/1.0/embed04de]
[static-images.vnncdn.net/files/publish/2023/12/4/a111111-383077f.jpg]
[static-images.vnncdn.net/files/publish/2023/12/4/a22222-384fb1e.png]
[static-images.vnncdn.net/files/publish/2023/12/4/a33333-385d949.jpg]
[fiatoairportcity.com.vn/khong-gian-ket-noi-ban-be-tai-bbq-garden-tang-thuong-fiato-city/index.html]
[fiatoairportcity.com.vn/wp-json/wp/v2/posts/8197.json]
[fiatoairportcity.com.vn/tro-thanh-chu-nhan-xung-tam-voi-he-tien-ich-tang-thuong-an-tuong-hang-dau-nhon-trach/feed/index.html]
[fiatoairportcity.com.vn/wp-json/oembed/1.0/embed64ef.json]
[fiatoairportcity.com.vn/wp-json/oembed/1.0/embedd73d]
[fiatoairportcity.com.vn/wp-content/uploads/tro-thanh-chu-nhan-xung-tam-voi-he-tien-ich-tang-thuong-an-tuong-hang-dau-nhon-trach.jpg]
[fiatoairportcity.com.vn/wp-content/uploads/tro-thanh-chu-nhan-xung-tam-voi-he-tien-ich-tang-thuong-an-tuong-hang-dau-nhon-trach-1.jpg]
[fiatoairportcity.com.vn/wp-content/uploads/tro-thanh-chu-nhan-xung-tam-voi-he-tien-ich-tang-thuong-an-tuong-hang-dau-nhon-trach-2.jpg]
[fiatoairportcity.com.vn/tro-thanh-chu-nhan-xung-tam-voi-he-tien-ich-tang-thuong-an-tuong-hang-dau-nhon-trach/index.html]
[fiatoairportcity.com.vn/wp-json/wp/v2/posts/8194.json]
[fiatoairportcity.com.vn/fiato-city-tien-phong-he-long-mon-dau-tien-tai-nhon-trach/feed/index.html]
[fiatoairportcity.com.vn/wp-json/oembed/1.0/embed976a.json]
[fiatoairportcity.com.vn/wp-json/oembed/1.0/embed8223]
[baoxaydung.com.vn/stores/news_dataimages/2023/112023/28/16/image00120231128164242938e.jpg]
[baoxaydung.com.vn/stores/news_dataimages/2023/112023/28/16/image0032023112816424070ee.jpg]
[baoxaydung.com.vn/stores/news_dataimages/2023/112023/28/16/image005202311281642416377.jpg]
[fiatoairportcity.com.vn/fiato-city-tien-phong-he-long-mon-dau-tien-tai-nhon-trach/index.html]
[fiatoairportcity.com.vn/wp-json/wp/v2/posts/8185.json]
[fiatoairportcity.com.vn/he-long-mon-da-tien-ich-tren-cao-tien-phong-tai-nhon-trach/feed/index.html]
[fiatoairportcity.com.vn/wp-json/oembed/1.0/embedc8c3.json]
[fiatoairportcity.com.vn/wp-json/oembed/1.0/embedfbf3]
[fiatoairportcity.com.vn/wp-content/uploads/he-long-mon-da-tien-ich-tren-cao-tien-phong-tai-nhon-trach-194156722.jpg]
[fiatoairportcity.com.vn/he-long-mon-da-tien-ich-tren-cao-tien-phong-tai-nhon-trach/index.html]
[fiatoairportcity.com.vn/wp-json/wp/v2/posts/8176.json]
[fiatoairportcity.com.vn/bieu-tuong-hinh-doi-canh-fiato-city-sap-vuon-cao-tren-bau-troi-nhon-trach/feed/index.html]
[fiatoairportcity.com.vn/wp-json/oembed/1.0/embedbeec.json]
[fiatoairportcity.com.vn/wp-json/oembed/1.0/embed684d]
[fiatoairportcity.com.vn/wp-content/uploads/404181789_308228902084280_4364715475598972113_n-2.jpg]
[fiatoairportcity.com.vn/wp-content/uploads/image-20231106131716-3.png]
[fiatoairportcity.com.vn/bieu-tuong-hinh-doi-canh-fiato-city-sap-vuon-cao-tren-bau-troi-nhon-trach/index.html]
[fiatoairportcity.com.vn/wp-content/uploads/cu-dan-fiato-city-so-huu-ho-boi-vo-cuc-tang-thuong-dau-tien-tai-nhon-trach.png]
[fiatoairportcity.com.vn/wp-json/wp/v2/posts/8160.json]
[fiatoairportcity.com.vn/vi-tri-da-ket-noi-thuc-day-nhip-song-nang-dong-tai-fiato-city/feed/index.html]
[fiatoairportcity.com.vn/wp-json/oembed/1.0/embedf046.json]
[fiatoairportcity.com.vn/wp-json/oembed/1.0/embed8626]
[fiatoairportcity.com.vn/vi-tri-da-ket-noi-thuc-day-nhip-song-nang-dong-tai-fiato-city/index.html]
[fiatoairportcity.com.vn/wp-content/uploads/image-20231106131715-1.png]
[fiatoairportcity.com.vn/wp-json/wp/v2/posts/8157.json]
[fiatoairportcity.com.vn/dong-nai-639-ty-xay-dung-duong-ton-duc-thang-huyen-nhon-trach/feed/index.html]
[fiatoairportcity.com.vn/wp-json/oembed/1.0/embedd747.json]
[fiatoairportcity.com.vn/wp-json/oembed/1.0/embed0cdd]
[fiatoairportcity.com.vn/dong-nai-639-ty-xay-dung-duong-ton-duc-thang-huyen-nhon-trach/index.html]
[fiatoairportcity.com.vn/wp-json/wp/v2/posts/8149.json]
[fiatoairportcity.com.vn/fiato-city-tam-diem-nhip-song-nang-dong-hang-dau-nhon-trach/feed/index.html]
[fiatoairportcity.com.vn/wp-json/oembed/1.0/embed0122.json]
[fiatoairportcity.com.vn/wp-json/oembed/1.0/embed2363]
[fiatoairportcity.com.vn/fiato-city-tam-diem-nhip-song-nang-dong-hang-dau-nhon-trach/index.html]
[fiatoairportcity.com.vn/wp-content/uploads/khu-phuc-hop-thuong-mai-da-tien-ich-da-dich-vu-tai-fiato-city.png]
[fiatoairportcity.com.vn/wp-json/wp/v2/posts/8137.json]
[fiatoairportcity.com.vn/can-ho-van-duoc-uu-tien-lua-chon-tai-cac-do-thi-lon/feed/index.html]
[fiatoairportcity.com.vn/wp-json/oembed/1.0/embede20b.json]
[fiatoairportcity.com.vn/wp-json/oembed/1.0/embed098e]
[fiatoairportcity.com.vn/wp-content/uploads/can-ho-van-duoc-uu-tien-lua-chon-tai-cac-do-thi-lon.png]
[fiatoairportcity.com.vn/wp-content/uploads/can-ho-van-duoc-uu-tien-lua-chon-tai-cac-do-thi-lon.jpg]
[fiatoairportcity.com.vn/wp-content/uploads/can-ho-van-duoc-uu-tien-lua-chon-tai-cac-do-thi-lon-1.png]
[fiatoairportcity.com.vn/can-ho-van-duoc-uu-tien-lua-chon-tai-cac-do-thi-lon/index.html]
[fiatoairportcity.com.vn/wp-json/wp/v2/posts/8088.json]
[fiatoairportcity.com.vn/chiem-nguong-thiet-ke-can-ho-mau-fiato-city-xung-tam-bieu-tuong-nhip-song-thoi-dai/feed/index.html]
[fiatoairportcity.com.vn/wp-json/oembed/1.0/embed4c5f.json]
[fiatoairportcity.com.vn/wp-json/oembed/1.0/embed4f0b]
[fiatoairportcity.com.vn/wp-content/uploads/1PN-8-1-scaled.jpg]
[fiatoairportcity.com.vn/wp-content/uploads/1PN-7-1-scaled.jpg]
[fiatoairportcity.com.vn/wp-content/uploads/1PN-6-1-scaled.jpg]
[fiatoairportcity.com.vn/wp-content/uploads/1PN-5-1-scaled.jpg]
[fiatoairportcity.com.vn/wp-content/uploads/1PN-4-1-scaled.jpg]
[fiatoairportcity.com.vn/wp-content/uploads/1PN-1-1-scaled.jpg]
[fiatoairportcity.com.vn/wp-content/uploads/1PN-2-1-scaled.jpg]
[fiatoairportcity.com.vn/wp-content/uploads/2PN-1-1-scaled.jpg]
[fiatoairportcity.com.vn/wp-content/uploads/2PN-11-1-scaled.jpg]
[fiatoairportcity.com.vn/wp-content/uploads/2PN-2-1-scaled.jpg]
[fiatoairportcity.com.vn/wp-content/uploads/2PN-4-1-scaled.jpg]
[fiatoairportcity.com.vn/wp-content/uploads/2PN-5-1-scaled.jpg]
[fiatoairportcity.com.vn/wp-content/uploads/2PN-7-2-scaled.jpg]
[fiatoairportcity.com.vn/wp-content/uploads/2PN-8-1-scaled.jpg]
[fiatoairportcity.com.vn/wp-content/uploads/2PN-14-1-scaled.jpg]
[fiatoairportcity.com.vn/wp-content/uploads/GOKU5501-scaled.jpg]
[fiatoairportcity.com.vn/wp-content/uploads/3PN-15-1-scaled.jpg]
[fiatoairportcity.com.vn/wp-content/uploads/3PN-12-1-scaled.jpg]
[fiatoairportcity.com.vn/wp-content/uploads/3PN-10-1-scaled.jpg]
[fiatoairportcity.com.vn/wp-content/uploads/3PN-9-1-scaled.jpg]
[fiatoairportcity.com.vn/wp-content/uploads/3PN-8-1-scaled.jpg]
[fiatoairportcity.com.vn/wp-content/uploads/3PN-7-1-scaled.jpg]
[fiatoairportcity.com.vn/wp-content/uploads/3PN-6-1-scaled.jpg]
[fiatoairportcity.com.vn/wp-content/uploads/3PN-5-1-scaled.jpg]
[fiatoairportcity.com.vn/wp-content/uploads/3PN-4-1-scaled.jpg]
[fiatoairportcity.com.vn/wp-content/uploads/3PN-2-1-scaled.jpg]
[fiatoairportcity.com.vn/chiem-nguong-thiet-ke-can-ho-mau-fiato-city-xung-tam-bieu-tuong-nhip-song-thoi-dai/index.html]
[fiatoairportcity.com.vn/thoi-cua-bat-dong-san-mat-thay-tay-so/feed/index.html]
[fiatoairportcity.com.vn/wp-json/wp/v2/posts/8081.json]
[fiatoairportcity.com.vn/wp-json/oembed/1.0/embedd57c.json]
[fiatoairportcity.com.vn/wp-json/oembed/1.0/embedd964]
[fiatoairportcity.com.vn/wp-content/uploads/nhu-cau-thue-lon-bat-dong-san-nha-o-khu-vuc-nay-nhieu-tiem-nang-cho-nha-dau-tu-1.jpg]
[fiatoairportcity.com.vn/wp-content/uploads/anh-2-1.jpg]
[fiatoairportcity.com.vn/thoi-cua-bat-dong-san-mat-thay-tay-so/index.html]
[fiatoairportcity.com.vn/wp-json/wp/v2/posts/8070.json]
[fiatoairportcity.com.vn/nhu-cau-thue-lon-bat-dong-san-nha-o-khu-vuc-nay-nhieu-tiem-nang-cho-nha-dau-tu/feed/index.html]
[fiatoairportcity.com.vn/wp-json/oembed/1.0/embed6d0a.json]
[fiatoairportcity.com.vn/wp-json/oembed/1.0/embed4f13]
[fiatoairportcity.com.vn/wp-content/uploads/nhu-cau-thue-lon-bat-dong-san-nha-o-khu-vuc-nay-nhieu-tiem-nang-cho-nha-dau-tu.jpg]
[fiatoairportcity.com.vn/nhu-cau-thue-lon-bat-dong-san-nha-o-khu-vuc-nay-nhieu-tiem-nang-cho-nha-dau-tu/index.html]
[fiatoairportcity.com.vn/wp-json/wp/v2/posts/8060.json]
[fiatoairportcity.com.vn/he-ban-cong-lien-thong-gan-ket-tinh-than-cho-gia-chu-fiato-city/feed/index.html]
[fiatoairportcity.com.vn/wp-json/oembed/1.0/embedd991.json]
[fiatoairportcity.com.vn/wp-json/oembed/1.0/embedb207]
[fiatoairportcity.com.vn/wp-content/uploads/he-ban-cong-lien-thong-gan-ket-tinh-than-cho-gia-chu-fiato-city.jpg]
[fiatoairportcity.com.vn/wp-content/uploads/he-ban-cong-lien-thong-gan-ket-tinh-than-cho-gia-chu-fiato-city-1.jpg]
[fiatoairportcity.com.vn/wp-content/uploads/he-ban-cong-lien-thong-gan-ket-tinh-than-cho-gia-chu-fiato-city-2.jpg]
[fiatoairportcity.com.vn/wp-content/uploads/he-ban-cong-lien-thong-gan-ket-tinh-than-cho-gia-chu-fiato-city-3.jpg]
[fiatoairportcity.com.vn/he-ban-cong-lien-thong-gan-ket-tinh-than-cho-gia-chu-fiato-city/index.html]
[fiatoairportcity.com.vn/wp-json/wp/v2/posts/8055.json]
[fiatoairportcity.com.vn/365-ngay-song-can-bang-voi-ho-boi-vo-cuc-tang-thuong-tai-fiato-city/feed/index.html]
[fiatoairportcity.com.vn/wp-json/oembed/1.0/embedc889.json]
[fiatoairportcity.com.vn/wp-json/oembed/1.0/embed3c92]
[fiatoairportcity.com.vn/365-ngay-song-can-bang-voi-ho-boi-vo-cuc-tang-thuong-tai-fiato-city/index.html]
[fiatoairportcity.com.vn/wp-content/uploads/dep-mien-man-voi-thiet-ke-can-ho-danh-cho-chuyen-gia-tai-nhon-trach-20230608164610.jpg]
[fiatoairportcity.com.vn/wp-json/wp/v2/posts/8044.json]
[fiatoairportcity.com.vn/trai-nghiem-he-tien-ich-dac-quyen-cho-chuyen-gia-an-cu-tai-fiato-city-2/feed/index.html]
[fiatoairportcity.com.vn/wp-json/oembed/1.0/embed7d7b.json]
[fiatoairportcity.com.vn/wp-json/oembed/1.0/embed01cf]
[fiatoairportcity.com.vn/trai-nghiem-he-tien-ich-dac-quyen-cho-chuyen-gia-an-cu-tai-fiato-city-2/index.html]
[fiatoairportcity.com.vn/wp-json/wp/v2/posts/8041.json]
[fiatoairportcity.com.vn/moi-truong-cho-con-phat-trien-toan-dien-giua-cong-dong-tinh-hoa-fiato-city-2/feed/index.html]
[fiatoairportcity.com.vn/wp-json/oembed/1.0/embed9115.json]
[fiatoairportcity.com.vn/wp-json/oembed/1.0/embedc451]
[fiatoairportcity.com.vn/moi-truong-cho-con-phat-trien-toan-dien-giua-cong-dong-tinh-hoa-fiato-city-2/index.html]
[fiatoairportcity.com.vn/wp-content/uploads/2PN-7-1-scaled.jpg]
[fiatoairportcity.com.vn/wp-json/wp/v2/posts/8009.json]
[fiatoairportcity.com.vn/moi-truong-cho-con-phat-trien-toan-dien-giua-cong-dong-tinh-hoa-fiato-city/feed/index.html]
[fiatoairportcity.com.vn/wp-json/oembed/1.0/embed8f31.json]
[fiatoairportcity.com.vn/wp-json/oembed/1.0/embed577f]
[fiatoairportcity.com.vn/moi-truong-cho-con-phat-trien-toan-dien-giua-cong-dong-tinh-hoa-fiato-city/index.html]
[fiatoairportcity.com.vn/wp-content/uploads/3PN-3-1-scaled.jpg]
[fiatoairportcity.com.vn/wp-json/wp/v2/posts/7960.json]
[fiatoairportcity.com.vn/trai-nghiem-he-tien-ich-dac-quyen-cho-chuyen-gia-an-cu-tai-fiato-city/feed/index.html]
[fiatoairportcity.com.vn/wp-json/oembed/1.0/embed556a.json]
[fiatoairportcity.com.vn/wp-json/oembed/1.0/embed6707]
[fiatoairportcity.com.vn/wp-content/uploads/PC08_Be-Boi.jpg]
[fiatoairportcity.com.vn/trai-nghiem-he-tien-ich-dac-quyen-cho-chuyen-gia-an-cu-tai-fiato-city/index.html]
[fiatoairportcity.com.vn/wp-json/wp/v2/posts/7940.json]
[fiatoairportcity.com.vn/fiato-city-loi-giai-cho-bai-toan-nha-o-chat-luong-tai-thanh-pho-trung-chuyen/feed/index.html]
[fiatoairportcity.com.vn/wp-json/oembed/1.0/embedbda8.json]
[fiatoairportcity.com.vn/wp-json/oembed/1.0/embed8e4f]
[fiatoairportcity.com.vn/fiato-city-loi-giai-cho-bai-toan-nha-o-chat-luong-tai-thanh-pho-trung-chuyen/index.html]
[fiatoairportcity.com.vn/wp-json/wp/v2/posts/7930.json]
[fiatoairportcity.com.vn/fiato-city-huong-suc-hut-tu-quy-hoach-thanh-pho-trung-chuyen-nhon-trach/feed/index.html]
[fiatoairportcity.com.vn/wp-json/oembed/1.0/embeddeca.json]
[fiatoairportcity.com.vn/wp-json/oembed/1.0/embeddb61]
[fiatoairportcity.com.vn/fiato-city-huong-suc-hut-tu-quy-hoach-thanh-pho-trung-chuyen-nhon-trach/index.html]
[fiatoairportcity.com.vn/wp-json/wp/v2/posts/7905.json]
[fiatoairportcity.com.vn/gam-mau-sang-cho-bat-dong-san-nhon-trach-quy-iii-2023/feed/index.html]
[fiatoairportcity.com.vn/wp-json/oembed/1.0/embedd1c2.json]
[fiatoairportcity.com.vn/wp-json/oembed/1.0/embedcdfd]
[fiatoairportcity.com.vn/gam-mau-sang-cho-bat-dong-san-nhon-trach-quy-iii-2023/index.html]
[fiatoairportcity.com.vn/wp-json/wp/v2/posts/7805.json]
[fiatoairportcity.com.vn/nhieu-tiem-nang-tang-gia-bat-dong-san-nhon-trach-se-hoa-rong-trong-tuong-lai/feed/index.html]
[fiatoairportcity.com.vn/wp-json/oembed/1.0/embed8769.json]
[fiatoairportcity.com.vn/wp-json/oembed/1.0/embedddae]
[fiatoairportcity.com.vn/nhieu-tiem-nang-tang-gia-bat-dong-san-nhon-trach-se-hoa-rong-trong-tuong-lai/index.html]
[fiatoairportcity.com.vn/wp-json/wp/v2/posts/7799.json]
[fiatoairportcity.com.vn/dep-mien-man-voi-thiet-ke-can-ho-danh-cho-chuyen-gia-tai-nhon-trach/feed/index.html]
[fiatoairportcity.com.vn/wp-json/oembed/1.0/embedce5c.json]
[fiatoairportcity.com.vn/wp-json/oembed/1.0/embed2598]
[fiatoairportcity.com.vn/wp-content/uploads/anh-1-1.jpg]
[fiatoairportcity.com.vn/dep-mien-man-voi-thiet-ke-can-ho-danh-cho-chuyen-gia-tai-nhon-trach/index.html]
[fiatoairportcity.com.vn/wp-json/wp/v2/posts/7790.json]
[fiatoairportcity.com.vn/suc-hut-cua-bat-dong-san-do-thi-ve-tinh-nhin-tu-nhon-trach/feed/index.html]
[fiatoairportcity.com.vn/wp-json/oembed/1.0/embedaf81.json]
[fiatoairportcity.com.vn/wp-json/oembed/1.0/embed3609]
[fiatoairportcity.com.vn/wp-content/uploads/image-20230601110756-1.jpg]
[fiatoairportcity.com.vn/wp-content/uploads/image-20230601110756-3.jpg]
[fiatoairportcity.com.vn/suc-hut-cua-bat-dong-san-do-thi-ve-tinh-nhin-tu-nhon-trach/index.html]
[fiatoairportcity.com.vn/wp-json/wp/v2/posts/7780.json]
[fiatoairportcity.com.vn/fiato-city-loi-giai-cho-bai-toan-nha-o-chuyen-gia-tai-nhon-trach/feed/index.html]
[fiatoairportcity.com.vn/wp-json/oembed/1.0/embed5361.json]
[fiatoairportcity.com.vn/wp-json/oembed/1.0/embedb67c]
[fiatoairportcity.com.vn/fiato-city-loi-giai-cho-bai-toan-nha-o-chuyen-gia-tai-nhon-trach/index.html]
[fiatoairportcity.com.vn/wp-content/uploads/anh-3.jpg]
[fiatoairportcity.com.vn/chinh-thuc-khai-truong-nha-mau-du-an-fiato-city/feed/index.html]
[fiatoairportcity.com.vn/wp-json/wp/v2/posts/7745.json]
[fiatoairportcity.com.vn/wp-json/oembed/1.0/embed21c1.json]
[fiatoairportcity.com.vn/wp-json/oembed/1.0/embeded09]
[fiatoairportcity.com.vn/wp-content/uploads/ha-2-thang-long-real-vlr-09052023.png]
[fiatoairportcity.com.vn/wp-content/uploads/ha-3-thang-long-real-vlr-09052023.png]
[fiatoairportcity.com.vn/chinh-thuc-khai-truong-nha-mau-du-an-fiato-city/index.html]
[fiatoairportcity.com.vn/wp-json/wp/v2/posts/7541.json]
[fiatoairportcity.com.vn/hon-500-chuyen-vien-kinh-doanh-tham-gia-le-khoi-dong-du-an-can-ho-fiato-city/feed/index.html]
[fiatoairportcity.com.vn/wp-json/oembed/1.0/embed3584.json]
[fiatoairportcity.com.vn/wp-json/oembed/1.0/embed51da]
[fiatoairportcity.com.vn/wp-content/uploads/image-20230419141302-1.jpg]
[fiatoairportcity.com.vn/wp-content/uploads/image-20230419141302-3.jpg]
[fiatoairportcity.com.vn/hon-500-chuyen-vien-kinh-doanh-tham-gia-le-khoi-dong-du-an-can-ho-fiato-city/index.html]
[fiatoairportcity.com.vn/wp-json/wp/v2/posts/7537.json]
[fiatoairportcity.com.vn/thang-long-real-group-khoi-dong-du-an-can-ho-fiato-city/feed/index.html]
[fiatoairportcity.com.vn/wp-json/oembed/1.0/embed0af2.json]
[fiatoairportcity.com.vn/wp-json/oembed/1.0/embed8f5d]
[fiatoairportcity.com.vn/thang-long-real-group-khoi-dong-du-an-can-ho-fiato-city/index.html]
[fiatoairportcity.com.vn/wp-json/wp/v2/posts/7486.json]
[fiatoairportcity.com.vn/buoc-vao-cuoc-dua-moi-thi-truong-bat-dong-san-dang-dan-hoi-phuc/feed/index.html]
[fiatoairportcity.com.vn/wp-json/oembed/1.0/embedb0ca.json]
[fiatoairportcity.com.vn/wp-json/oembed/1.0/embedc5a1]
[fiatoairportcity.com.vn/buoc-vao-cuoc-dua-moi-thi-truong-bat-dong-san-dang-dan-hoi-phuc/index.html]
[fiatoairportcity.com.vn/wp-content/uploads/buoc-vao-cuoc-dua-moi-thi-truong-bat-dong-san-dang-dan-hoi-phuc.jpg]
[fiatoairportcity.com.vn/wp-json/wp/v2/posts/7482.json]
[fiatoairportcity.com.vn/tung-la-diem-nong-bat-dong-san-phia-dong-thi-truong-nhon-trach-dong-nai-co-gi-moi/feed/index.html]
[fiatoairportcity.com.vn/wp-json/oembed/1.0/embedb25a.json]
[fiatoairportcity.com.vn/wp-json/oembed/1.0/embed9498]
[fiatoairportcity.com.vn/tung-la-diem-nong-bat-dong-san-phia-dong-thi-truong-nhon-trach-dong-nai-co-gi-moi/index.html]
[fiatoairportcity.com.vn/wp-json/wp/v2/posts/692.json]
[fiatoairportcity.com.vn/thang-long-real-group-huong-di-khac-biet-tren-thi-truong-bat-dong-san/feed/index.html]
[fiatoairportcity.com.vn/wp-json/oembed/1.0/embed8a41.json]
[fiatoairportcity.com.vn/wp-json/oembed/1.0/embedbbd7]
[www.thanglongreal.vn/Data/Sites/1/media/2022/fiato.jpg]
[www.thanglongreal.vn/Data/Sites/1/media/2022/hiep-phuoc.jpg]
[www.thanglongreal.vn/Data/Sites/1/media/2022/hung-phu.jpg]
[www.thanglongreal.vn/Data/Sites/1/media/2022/cen-land.jpg]
[fiatoairportcity.com.vn/thang-long-real-group-huong-di-khac-biet-tren-thi-truong-bat-dong-san/index.html]
[fiatoairportcity.com.vn/wp-json/wp/v2/posts/688.json]
[fiatoairportcity.com.vn/thang-long-real-group-dong-tho-du-an-chung-cu-g2-thuoc-du-an-thang-long-home-hiep-phuoc/feed/index.html]
[fiatoairportcity.com.vn/wp-json/oembed/1.0/embed9af6.json]
[fiatoairportcity.com.vn/wp-json/oembed/1.0/embedeaf9]
[www.thanglongreal.vn/Data/Sites/1/media/2022/lễ-động-thổ-hpc/_ngc6464-min-min-min.jpg]
[www.thanglongreal.vn/Data/Sites/1/media/2022/lễ-động-thổ-hpc/_ngc6480-min-min-min.jpg]
[www.thanglongreal.vn/Data/Sites/1/media/2022/lễ-động-thổ-hpc/_ngc6499-min-min-min.jpg]
[www.thanglongreal.vn/Data/Sites/1/media/2022/lễ-động-thổ-hpc/_ngc6411-min-min-min.jpg]
[www.thanglongreal.vn/Data/Sites/1/media/2022/lễ-động-thổ-hpc/_ngc6440-min-min-min.jpg]
[www.thanglongreal.vn/Data/Sites/1/media/2022/lễ-động-thổ-hpc/_ngc6540-min-min-min.jpg]
[www.thanglongreal.vn/Data/Sites/1/media/2022/lễ-động-thổ-hpc/_ngc6329-min-min-min.jpg]
[www.thanglongreal.vn/Data/Sites/1/media/2022/lễ-động-thổ-hpc/_ngc6293-min-min-min.jpg]
[www.thanglongreal.vn/Data/Sites/1/media/2022/lễ-động-thổ-hpc/_ngc6332-min-min-min.jpg]
[www.thanglongreal.vn/Data/Sites/1/media/2022/lễ-động-thổ-hpc/_ngc6362-min-min-min.jpg]
[www.thanglongreal.vn/Data/Sites/1/media/2022/lễ-động-thổ-hpc/_ngc6363-min-min-min.jpg]
[www.thanglongreal.vn/Data/Sites/1/media/2022/lễ-động-thổ-hpc/_ngc6380-min-min-min.jpg]
[www.thanglongreal.vn/Data/Sites/1/media/2022/lễ-động-thổ-hpc/_ngc6563-min-min-min.jpg]
[fiatoairportcity.com.vn/thang-long-real-group-dong-tho-du-an-chung-cu-g2-thuoc-du-an-thang-long-home-hiep-phuoc/index.html]
[www.thanglongreal.vn/Data/Sites/1/media/2022/lễ-động-thổ-hpc/_ngc6585-min-min-min.jpg]
[fiatoairportcity.com.vn/wp-content/themes/fiatocity/images/play.svg]
[fiatoairportcity.com.vn/wp-content/themes/fiatocity/images/mute.svg]
[fiatoairportcity.com.vn/wp-content/themes/fiatocity/images/fullscreen.svg]
[fiatoairportcity.com.vn/wp-content/themes/fiatocity/images/pause.svg]
[fiatoairportcity.com.vn/wp-content/themes/fiatocity/images/unmute.svg]
[fiatoairportcity.com.vn/wp-content/themes/fiatocity/images/cancel-fullscreen.svg]
[fiatoairportcity.com.vn/wp-content/uploads/circle.svg]
[fiatoairportcity.com.vn/wp-content/uploads/Icon-360-3.svg]
[fiatoairportcity.com.vn/wp-content/plugins/image-map-pro-wordpress/fonts/fontawesome-webfont3e6e.html]
[fiatoairportcity.com.vn/wp-content/plugins/image-map-pro-wordpress/fonts/fontawesome-webfont3e6e.svg]
[fiatoairportcity.com.vn/index8bcd.html]
[fiatoairportcity.com.vn/index47dc.html]
[fiatoairportcity.com.vn/wp-content/themes/fiatocity/css/style-new8a54.css]
[fiatoairportcity.com.vn/indexf965.html]
[fiatoairportcity.com.vn/indexf034.html]
[fiatoairportcity.com.vn/indexa818.html]
[fiatoairportcity.com.vn/indexe712.html]
[fiatoairportcity.com.vn/indexc9c1.html]
[fiatoairportcity.com.vn/category/tin-tuc/page/2/index.html]
[fiatoairportcity.com.vn/category/tin-tuc/page/3/index.html]
[fiatoairportcity.com.vn/category/tin-tuc/page/4/index.html]
[fiatoairportcity.com.vn/indexfc9a.html]
[fiatoairportcity.com.vn/indexfd82.html]
[fiatoairportcity.com.vn/index2fd5.html]
[fiatoairportcity.com.vn/index882f.html]
[fiatoairportcity.com.vn/index776c.html]
[fiatoairportcity.com.vn/index1e52.html]
[fiatoairportcity.com.vn/indexe776.html]
[fiatoairportcity.com.vn/indexdfa3.html]
[fiatoairportcity.com.vn/index11dc.html]
[fiatoairportcity.com.vn/indexe351.html]
[fiatoairportcity.com.vn/indexf0d2.html]
[fiatoairportcity.com.vn/index9b10.html]
[fiatoairportcity.com.vn/index26ee.html]
[fiatoairportcity.com.vn/indexbee3.html]
[fiatoairportcity.com.vn/index1335.html]
[fiatoairportcity.com.vn/index0c14.html]
[fiatoairportcity.com.vn/index6aa2.html]
[fiatoairportcity.com.vn/index184c.html]
[fiatoairportcity.com.vn/index88dd.html]
[fiatoairportcity.com.vn/index4085.html]
[fiatoairportcity.com.vn/index212a.html]
[fiatoairportcity.com.vn/index5e26.html]
[fiatoairportcity.com.vn/indexd306.html]
[fiatoairportcity.com.vn/index383c.html]
[fiatoairportcity.com.vn/index5359.html]
[fiatoairportcity.com.vn/indexe852.html]
[fiatoairportcity.com.vn/indexccec.html]
[fiatoairportcity.com.vn/index7784.html]
[fiatoairportcity.com.vn/index951f.html]
[fiatoairportcity.com.vn/index483a.html]
[fiatoairportcity.com.vn/index5a3c.html]
[fiatoairportcity.com.vn/index4949.html]
[fiatoairportcity.com.vn/indexf580.html]
[fiatoairportcity.com.vn/index7e16.html]
[fiatoairportcity.com.vn/index56bd.html]
[fiatoairportcity.com.vn/index820c.html]
[fiatoairportcity.com.vn/index5723.html]
[fiatoairportcity.com.vn/category/tin-tuc/page/1/index.html]
